[2026-06-08 17:33:13.606] [info] Zonation 5 v2.4
[2026-06-08 17:33:13.663] [info] Arguments given: --gui --mode=CAZMAX C:/Users/conco/persistence_prioritization/Data/Clean/ZonationOutputs/settings.z5.txt C:/Users/conco/persistence_prioritization/Data/Clean/ZonationOutputs/CAZMAX
[2026-06-08 17:33:13.691] [info] Using 8-bit quantization
[2026-06-08 17:33:13.700] [info] Using 10 threads for computation
[2026-06-08 17:33:13.707] [info] Loading project "C:/Users/conco/persistence_prioritization/Data/Clean/ZonationOutputs/settings.z5.txt"
[2026-06-08 17:33:13.713] [info] Using setting: feature list file = C:\Users\conco\persistence_prioritization\Data\Clean\ZonationOutputs\zonation_binary_patch_feature_list.txt
[2026-06-08 17:33:13.716] [info] Using setting: curves output interval = 9.99999975e-05
[2026-06-08 17:33:13.720] [info] Using setting: max iterations = 500
[2026-06-08 17:33:13.721] [info] Using setting: mean ranking error threshold = 0.00999999978
[2026-06-08 17:33:13.722] [info] Using setting: smoothing factor = 0
[2026-06-08 17:33:13.724] [info] Using setting: stop on plateau = 0
[2026-06-08 17:33:13.726] [info] Using setting: zero mode = all
[2026-06-08 17:33:13.727] [info] Using setting: stop after preprocessing = 0
[2026-06-08 17:33:13.728] [info] Using default setting: quantization error warning threshold = 20
[2026-06-08 17:33:13.729] [info] Loading feature layer information from "C:\Users\conco\persistence_prioritization\Data\Clean\ZonationOutputs\zonation_binary_patch_feature_list.txt"
[2026-06-08 17:33:13.772] [info] Validating project
[2026-06-08 17:33:13.894] [info] Reading layer data
[2026-06-08 17:33:13.904] [info] Gathering data statistics
[2026-06-08 17:33:18.916] [info] 10.6%
[2026-06-08 17:33:23.938] [info] 16.6%
[2026-06-08 17:33:28.957] [info] 22.0%
[2026-06-08 17:33:33.969] [info] 28.1%
[2026-06-08 17:33:38.989] [info] 34.1%
[2026-06-08 17:33:44.001] [info] 40.2%
[2026-06-08 17:33:49.023] [info] 46.3%
[2026-06-08 17:33:54.043] [info] 52.5%
[2026-06-08 17:33:59.069] [info] 58.7%
[2026-06-08 17:34:04.080] [info] 64.8%
[2026-06-08 17:34:09.092] [info] 70.8%
[2026-06-08 17:34:14.104] [info] 76.8%
[2026-06-08 17:34:19.130] [info] 83.0%
[2026-06-08 17:34:24.137] [info] 89.3%
[2026-06-08 17:34:29.156] [info] 95.7%
[2026-06-08 17:34:32.479] [info] Map dimensions (width * height): 2658*4951
[2026-06-08 17:34:32.483] [info] Number of grid cells in map (width * height): 13159758
[2026-06-08 17:34:32.487] [info] Number of grid cells in map with data: 2132414
[2026-06-08 17:34:32.494] [info] Input feature layer count: 182
[2026-06-08 17:34:32.503] [info] Feature layer count: 182
[2026-06-08 17:34:32.509] [info] Positive weight feature count: 182
[2026-06-08 17:34:32.518] [info] Negative weight feature count: 0
[2026-06-08 17:34:32.526] [info] Zero weight feature count: 0
[2026-06-08 17:34:32.531] [info] Total number of pixels with data across features: 90887613
[2026-06-08 17:34:32.540] [info] Reading feature layers
[2026-06-08 17:34:37.569] [info] 5.6%
[2026-06-08 17:34:42.583] [info] 11.3%
[2026-06-08 17:34:47.588] [info] 16.8%
[2026-06-08 17:34:52.614] [info] 22.4%
[2026-06-08 17:34:57.633] [info] 27.8%
[2026-06-08 17:35:02.662] [info] 32.3%
[2026-06-08 17:35:07.673] [info] 37.5%
[2026-06-08 17:35:12.692] [info] 43.0%
[2026-06-08 17:35:17.740] [info] 48.4%
[2026-06-08 17:35:22.747] [info] 53.8%
[2026-06-08 17:35:27.769] [info] 59.1%
[2026-06-08 17:35:32.783] [info] 64.2%
[2026-06-08 17:35:37.800] [info] 69.4%
[2026-06-08 17:35:42.817] [info] 74.1%
[2026-06-08 17:35:47.825] [info] 79.1%
[2026-06-08 17:35:52.838] [info] 84.2%
[2026-06-08 17:35:57.868] [info] 89.3%
[2026-06-08 17:36:02.885] [info] 94.3%
[2026-06-08 17:36:07.912] [info] 99.4%
[2026-06-08 17:36:08.502] [info] Mean feature extent across study area: 100.00%
[2026-06-08 17:36:08.511] [info] Memory usage of feature data: 250.88MB
[2026-06-08 17:36:08.527] [info] Mean quantization error: 0.0%
[2026-06-08 17:36:08.561] [info] Time used to read and preprocess layer data: 2m54s
[2026-06-08 17:36:08.572] [info] Computing priority rank
[2026-06-08 17:36:10.894] [info] Iteration 0, mean ranking error 0.699699%, mean rank change 17.8309%
[2026-06-08 17:36:12.916] [info] Iteration 1, mean ranking error 5.11759%, mean rank change 2.2362%
[2026-06-08 17:36:14.940] [info] Iteration 2, mean ranking error 1.2913%, mean rank change 0.601668%
[2026-06-08 17:36:17.181] [info] Iteration 3, mean ranking error 0.409990%, mean rank change 0.190570%
[2026-06-08 17:36:20.603] [info] Iteration 4, mean ranking error 0.165553%, mean rank change 0.0716555%
[2026-06-08 17:36:23.426] [info] Iteration 5, mean ranking error 0.0693986%, mean rank change 0.029116%
[2026-06-08 17:36:25.872] [info] Iteration 6, mean ranking error 0.0366731%, mean rank change 0.0150070%
[2026-06-08 17:36:28.004] [info] Iteration 7, mean ranking error 0.0225336%, mean rank change 0.00916273%
[2026-06-08 17:36:30.062] [info] Iteration 8, mean ranking error 0.0169496%, mean rank change 0.00762438%
[2026-06-08 17:36:31.769] [info] Iteration 9, mean ranking error 0.0135537%, mean rank change 0.00581069%
[2026-06-08 17:36:33.654] [info] Iteration 10, mean ranking error 0.0106444%, mean rank change 0.00407743%
[2026-06-08 17:36:35.481] [info] Iteration 11, mean ranking error 0.00892027%, mean rank change 0.00381647%
[2026-06-08 17:36:35.574] [info] Time used in prioritization: 26s
[2026-06-08 17:36:35.583] [info] Number of iterations: 12
[2026-06-08 17:36:35.596] [info] Final convergence level: 0.00892027%
[2026-06-08 17:36:35.608] [info] Area under curve: 0.692045
[2026-06-08 17:36:35.614] [info] Writing feature info
[2026-06-08 17:36:35.618] [info] Writing feature curves
[2026-06-08 17:36:36.400] [info] Writing priority rank map
[2026-06-08 17:36:36.917] [info] Total time used: 3m23s
[2026-06-08 17:36:36.919] [info] Number of errors: 0
[2026-06-08 17:36:36.924] [info] Number of warnings: 0
[2026-06-08 17:36:36.931] [info] Done
