[2026-06-08 17:26:58.150] [info] Zonation 5 v2.4
[2026-06-08 17:26:58.236] [info] Arguments given: --gui --mode=CAZ2 C:/Users/conco/persistence_prioritization/Data/Clean/ZonationOutputs/settings.z5.txt C:/Users/conco/persistence_prioritization/Data/Clean/ZonationOutputs/CAZ2
[2026-06-08 17:26:58.239] [info] Using 8-bit quantization
[2026-06-08 17:26:58.251] [info] Using 10 threads for computation
[2026-06-08 17:26:58.255] [info] Loading project "C:/Users/conco/persistence_prioritization/Data/Clean/ZonationOutputs/settings.z5.txt"
[2026-06-08 17:26:58.259] [info] Using setting: feature list file = C:\Users\conco\persistence_prioritization\Data\Clean\ZonationOutputs\zonation_binary_patch_feature_list.txt
[2026-06-08 17:26:58.262] [info] Using setting: curves output interval = 9.99999975e-05
[2026-06-08 17:26:58.265] [info] Using setting: max iterations = 500
[2026-06-08 17:26:58.266] [info] Using setting: mean ranking error threshold = 0.00999999978
[2026-06-08 17:26:58.273] [info] Using setting: smoothing factor = 0
[2026-06-08 17:26:58.274] [info] Using setting: stop on plateau = 0
[2026-06-08 17:26:58.277] [info] Using setting: zero mode = all
[2026-06-08 17:26:58.278] [info] Using setting: stop after preprocessing = 0
[2026-06-08 17:26:58.280] [info] Using default setting: quantization error warning threshold = 20
[2026-06-08 17:26:58.281] [info] Loading feature layer information from "C:\Users\conco\persistence_prioritization\Data\Clean\ZonationOutputs\zonation_binary_patch_feature_list.txt"
[2026-06-08 17:26:58.328] [info] Validating project
[2026-06-08 17:26:58.471] [info] Reading layer data
[2026-06-08 17:26:58.481] [info] Gathering data statistics
[2026-06-08 17:27:03.503] [info] 10.2%
[2026-06-08 17:27:08.516] [info] 15.4%
[2026-06-08 17:27:13.540] [info] 21.1%
[2026-06-08 17:27:18.558] [info] 27.2%
[2026-06-08 17:27:23.581] [info] 33.4%
[2026-06-08 17:27:28.589] [info] 39.6%
[2026-06-08 17:27:33.608] [info] 45.7%
[2026-06-08 17:27:38.631] [info] 51.6%
[2026-06-08 17:27:43.641] [info] 57.4%
[2026-06-08 17:27:48.662] [info] 63.1%
[2026-06-08 17:27:53.671] [info] 68.8%
[2026-06-08 17:27:58.684] [info] 74.3%
[2026-06-08 17:28:03.699] [info] 80.0%
[2026-06-08 17:28:08.725] [info] 85.7%
[2026-06-08 17:28:13.743] [info] 91.4%
[2026-06-08 17:28:18.747] [info] 97.2%
[2026-06-08 17:28:21.203] [info] Map dimensions (width * height): 2658*4951
[2026-06-08 17:28:21.209] [info] Number of grid cells in map (width * height): 13159758
[2026-06-08 17:28:21.217] [info] Number of grid cells in map with data: 2132414
[2026-06-08 17:28:21.226] [info] Input feature layer count: 182
[2026-06-08 17:28:21.236] [info] Feature layer count: 182
[2026-06-08 17:28:21.246] [info] Positive weight feature count: 182
[2026-06-08 17:28:21.252] [info] Negative weight feature count: 0
[2026-06-08 17:28:21.271] [info] Zero weight feature count: 0
[2026-06-08 17:28:21.285] [info] Total number of pixels with data across features: 90887613
[2026-06-08 17:28:21.300] [info] Reading feature layers
[2026-06-08 17:28:26.333] [info] 4.9%
[2026-06-08 17:28:31.341] [info] 9.9%
[2026-06-08 17:28:36.362] [info] 14.9%
[2026-06-08 17:28:41.392] [info] 19.8%
[2026-06-08 17:28:46.413] [info] 24.2%
[2026-06-08 17:28:51.435] [info] 28.6%
[2026-06-08 17:28:56.456] [info] 33.0%
[2026-06-08 17:29:01.472] [info] 37.6%
[2026-06-08 17:29:06.484] [info] 42.1%
[2026-06-08 17:29:11.499] [info] 47.0%
[2026-06-08 17:29:16.512] [info] 51.9%
[2026-06-08 17:29:21.525] [info] 56.9%
[2026-06-08 17:29:26.550] [info] 61.7%
[2026-06-08 17:29:31.563] [info] 66.8%
[2026-06-08 17:29:36.584] [info] 71.8%
[2026-06-08 17:29:41.599] [info] 76.9%
[2026-06-08 17:29:46.613] [info] 81.9%
[2026-06-08 17:29:51.621] [info] 87.0%
[2026-06-08 17:29:56.643] [info] 92.1%
[2026-06-08 17:30:01.664] [info] 97.1%
[2026-06-08 17:30:04.475] [info] Mean feature extent across study area: 100.00%
[2026-06-08 17:30:04.479] [info] Memory usage of feature data: 250.88MB
[2026-06-08 17:30:04.492] [info] Mean quantization error: 0.0%
[2026-06-08 17:30:04.514] [info] Time used to read and preprocess layer data: 3m6s
[2026-06-08 17:30:04.523] [info] Computing priority rank
[2026-06-08 17:30:07.027] [info] Iteration 0, mean ranking error 0.475555%, mean rank change 11.4599%
[2026-06-08 17:30:09.063] [info] Iteration 1, mean ranking error 3.87698%, mean rank change 1.50090%
[2026-06-08 17:30:11.060] [info] Iteration 2, mean ranking error 1.85945%, mean rank change 0.577633%
[2026-06-08 17:30:13.110] [info] Iteration 3, mean ranking error 1.16489%, mean rank change 0.327071%
[2026-06-08 17:30:15.133] [info] Iteration 4, mean ranking error 0.823256%, mean rank change 0.207917%
[2026-06-08 17:30:17.162] [info] Iteration 5, mean ranking error 0.626665%, mean rank change 0.142835%
[2026-06-08 17:30:19.284] [info] Iteration 6, mean ranking error 0.504434%, mean rank change 0.106524%
[2026-06-08 17:30:21.265] [info] Iteration 7, mean ranking error 0.414741%, mean rank change 0.0839879%
[2026-06-08 17:30:23.246] [info] Iteration 8, mean ranking error 0.343492%, mean rank change 0.0680650%
[2026-06-08 17:30:25.563] [info] Iteration 9, mean ranking error 0.281956%, mean rank change 0.0543415%
[2026-06-08 17:30:27.589] [info] Iteration 10, mean ranking error 0.230516%, mean rank change 0.0434547%
[2026-06-08 17:30:29.686] [info] Iteration 11, mean ranking error 0.186475%, mean rank change 0.0337989%
[2026-06-08 17:30:31.650] [info] Iteration 12, mean ranking error 0.153587%, mean rank change 0.027143%
[2026-06-08 17:30:33.676] [info] Iteration 13, mean ranking error 0.127606%, mean rank change 0.0220022%
[2026-06-08 17:30:35.721] [info] Iteration 14, mean ranking error 0.106920%, mean rank change 0.0179285%
[2026-06-08 17:30:37.708] [info] Iteration 15, mean ranking error 0.0907011%, mean rank change 0.0147857%
[2026-06-08 17:30:39.973] [info] Iteration 16, mean ranking error 0.0782423%, mean rank change 0.012395%
[2026-06-08 17:30:42.288] [info] Iteration 17, mean ranking error 0.0690044%, mean rank change 0.0106064%
[2026-06-08 17:30:44.513] [info] Iteration 18, mean ranking error 0.0616878%, mean rank change 0.00925592%
[2026-06-08 17:30:46.592] [info] Iteration 19, mean ranking error 0.0559138%, mean rank change 0.00815817%
[2026-06-08 17:30:48.636] [info] Iteration 20, mean ranking error 0.0507794%, mean rank change 0.00724730%
[2026-06-08 17:30:50.700] [info] Iteration 21, mean ranking error 0.0464729%, mean rank change 0.00643688%
[2026-06-08 17:30:52.876] [info] Iteration 22, mean ranking error 0.042544%, mean rank change 0.00572484%
[2026-06-08 17:30:55.015] [info] Iteration 23, mean ranking error 0.0390299%, mean rank change 0.00508603%
[2026-06-08 17:30:57.330] [info] Iteration 24, mean ranking error 0.0359565%, mean rank change 0.00453923%
[2026-06-08 17:30:59.505] [info] Iteration 25, mean ranking error 0.0333725%, mean rank change 0.00409037%
[2026-06-08 17:31:01.483] [info] Iteration 26, mean ranking error 0.0310671%, mean rank change 0.00370848%
[2026-06-08 17:31:03.528] [info] Iteration 27, mean ranking error 0.0289286%, mean rank change 0.00337321%
[2026-06-08 17:31:05.571] [info] Iteration 28, mean ranking error 0.0271499%, mean rank change 0.00309643%
[2026-06-08 17:31:07.597] [info] Iteration 29, mean ranking error 0.0255606%, mean rank change 0.00284110%
[2026-06-08 17:31:09.559] [info] Iteration 30, mean ranking error 0.0240415%, mean rank change 0.00262605%
[2026-06-08 17:31:11.375] [info] Iteration 31, mean ranking error 0.0227466%, mean rank change 0.00242880%
[2026-06-08 17:31:13.171] [info] Iteration 32, mean ranking error 0.0216158%, mean rank change 0.00225988%
[2026-06-08 17:31:14.970] [info] Iteration 33, mean ranking error 0.0204955%, mean rank change 0.00209848%
[2026-06-08 17:31:17.226] [info] Iteration 34, mean ranking error 0.019492%, mean rank change 0.00195811%
[2026-06-08 17:31:19.521] [info] Iteration 35, mean ranking error 0.0185504%, mean rank change 0.00183477%
[2026-06-08 17:31:21.757] [info] Iteration 36, mean ranking error 0.0176877%, mean rank change 0.00171308%
[2026-06-08 17:31:24.017] [info] Iteration 37, mean ranking error 0.0168554%, mean rank change 0.00159708%
[2026-06-08 17:31:26.331] [info] Iteration 38, mean ranking error 0.0161083%, mean rank change 0.00149376%
[2026-06-08 17:31:28.804] [info] Iteration 39, mean ranking error 0.0153827%, mean rank change 0.00139849%
[2026-06-08 17:31:31.444] [info] Iteration 40, mean ranking error 0.0147147%, mean rank change 0.00131678%
[2026-06-08 17:31:33.934] [info] Iteration 41, mean ranking error 0.0140682%, mean rank change 0.00123747%
[2026-06-08 17:31:36.419] [info] Iteration 42, mean ranking error 0.0134936%, mean rank change 0.00117056%
[2026-06-08 17:31:38.827] [info] Iteration 43, mean ranking error 0.0129591%, mean rank change 0.00110950%
[2026-06-08 17:31:40.907] [info] Iteration 44, mean ranking error 0.0124502%, mean rank change 0.00104949%
[2026-06-08 17:31:42.943] [info] Iteration 45, mean ranking error 0.0119924%, mean rank change 0.000998609%
[2026-06-08 17:31:44.874] [info] Iteration 46, mean ranking error 0.0115366%, mean rank change 0.000948148%
[2026-06-08 17:31:46.926] [info] Iteration 47, mean ranking error 0.0111134%, mean rank change 0.000901922%
[2026-06-08 17:31:48.933] [info] Iteration 48, mean ranking error 0.0106973%, mean rank change 0.000854677%
[2026-06-08 17:31:50.825] [info] Iteration 49, mean ranking error 0.0103076%, mean rank change 0.000814662%
[2026-06-08 17:31:52.670] [info] Iteration 50, mean ranking error 0.00994824%, mean rank change 0.000776425%
[2026-06-08 17:31:52.759] [info] Time used in prioritization: 1m48s
[2026-06-08 17:31:52.763] [info] Number of iterations: 51
[2026-06-08 17:31:52.770] [info] Final convergence level: 0.00994824%
[2026-06-08 17:31:52.782] [info] Area under curve: 0.729527
[2026-06-08 17:31:52.791] [info] Writing feature info
[2026-06-08 17:31:52.795] [info] Writing feature curves
[2026-06-08 17:31:53.588] [info] Writing priority rank map
[2026-06-08 17:31:54.130] [info] Total time used: 4m55s
[2026-06-08 17:31:54.137] [info] Number of errors: 0
[2026-06-08 17:31:54.143] [info] Number of warnings: 0
[2026-06-08 17:31:54.148] [info] Done
