[2026-06-08 17:20:42.698] [info] Zonation 5 v2.4
[2026-06-08 17:20:42.759] [info] Arguments given: --gui --mode=CAZ1 C:/Users/conco/persistence_prioritization/Data/Clean/ZonationOutputs/settings.z5.txt C:/Users/conco/persistence_prioritization/Data/Clean/ZonationOutputs/CAZ1
[2026-06-08 17:20:42.783] [info] Using 8-bit quantization
[2026-06-08 17:20:42.796] [info] Using 10 threads for computation
[2026-06-08 17:20:42.800] [info] Loading project "C:/Users/conco/persistence_prioritization/Data/Clean/ZonationOutputs/settings.z5.txt"
[2026-06-08 17:20:42.805] [info] Using setting: feature list file = C:\Users\conco\persistence_prioritization\Data\Clean\ZonationOutputs\zonation_binary_patch_feature_list.txt
[2026-06-08 17:20:42.811] [info] Using setting: curves output interval = 9.99999975e-05
[2026-06-08 17:20:42.812] [info] Using setting: max iterations = 500
[2026-06-08 17:20:42.813] [info] Using setting: mean ranking error threshold = 0.00999999978
[2026-06-08 17:20:42.815] [info] Using setting: smoothing factor = 0
[2026-06-08 17:20:42.816] [info] Using setting: stop on plateau = 0
[2026-06-08 17:20:42.817] [info] Using setting: zero mode = all
[2026-06-08 17:20:42.820] [info] Using setting: stop after preprocessing = 0
[2026-06-08 17:20:42.822] [info] Using default setting: quantization error warning threshold = 20
[2026-06-08 17:20:42.827] [info] Loading feature layer information from "C:\Users\conco\persistence_prioritization\Data\Clean\ZonationOutputs\zonation_binary_patch_feature_list.txt"
[2026-06-08 17:20:42.870] [info] Validating project
[2026-06-08 17:20:43.006] [info] Reading layer data
[2026-06-08 17:20:43.016] [info] Gathering data statistics
[2026-06-08 17:20:48.028] [info] 8.5%
[2026-06-08 17:20:53.049] [info] 14.1%
[2026-06-08 17:20:58.056] [info] 20.3%
[2026-06-08 17:21:03.085] [info] 26.4%
[2026-06-08 17:21:08.092] [info] 32.4%
[2026-06-08 17:21:13.104] [info] 38.5%
[2026-06-08 17:21:18.134] [info] 44.3%
[2026-06-08 17:21:23.162] [info] 50.6%
[2026-06-08 17:21:28.168] [info] 56.8%
[2026-06-08 17:21:33.188] [info] 63.0%
[2026-06-08 17:21:38.211] [info] 69.1%
[2026-06-08 17:21:43.230] [info] 75.3%
[2026-06-08 17:21:48.246] [info] 81.7%
[2026-06-08 17:21:53.260] [info] 88.0%
[2026-06-08 17:21:58.275] [info] 94.4%
[2026-06-08 17:22:02.775] [info] Map dimensions (width * height): 2658*4951
[2026-06-08 17:22:02.780] [info] Number of grid cells in map (width * height): 13159758
[2026-06-08 17:22:02.785] [info] Number of grid cells in map with data: 2132414
[2026-06-08 17:22:02.794] [info] Input feature layer count: 182
[2026-06-08 17:22:02.800] [info] Feature layer count: 182
[2026-06-08 17:22:02.806] [info] Positive weight feature count: 182
[2026-06-08 17:22:02.814] [info] Negative weight feature count: 0
[2026-06-08 17:22:02.820] [info] Zero weight feature count: 0
[2026-06-08 17:22:02.831] [info] Total number of pixels with data across features: 90887613
[2026-06-08 17:22:02.838] [info] Reading feature layers
[2026-06-08 17:22:07.854] [info] 5.3%
[2026-06-08 17:22:12.876] [info] 10.9%
[2026-06-08 17:22:17.893] [info] 16.4%
[2026-06-08 17:22:22.902] [info] 21.9%
[2026-06-08 17:22:27.923] [info] 27.4%
[2026-06-08 17:22:32.931] [info] 33.0%
[2026-06-08 17:22:37.957] [info] 38.2%
[2026-06-08 17:22:42.974] [info] 43.2%
[2026-06-08 17:22:48.005] [info] 48.7%
[2026-06-08 17:22:53.013] [info] 54.1%
[2026-06-08 17:22:58.037] [info] 59.6%
[2026-06-08 17:23:03.044] [info] 65.2%
[2026-06-08 17:23:08.056] [info] 70.6%
[2026-06-08 17:23:13.085] [info] 76.2%
[2026-06-08 17:23:18.089] [info] 81.8%
[2026-06-08 17:23:23.110] [info] 87.3%
[2026-06-08 17:23:28.123] [info] 92.9%
[2026-06-08 17:23:33.148] [info] 98.5%
[2026-06-08 17:23:34.465] [info] Mean feature extent across study area: 100.00%
[2026-06-08 17:23:34.471] [info] Memory usage of feature data: 250.88MB
[2026-06-08 17:23:34.478] [info] Mean quantization error: 0.0%
[2026-06-08 17:23:34.489] [info] Time used to read and preprocess layer data: 2m51s
[2026-06-08 17:23:34.495] [info] Computing priority rank
[2026-06-08 17:23:36.651] [info] Iteration 0, mean ranking error 0.162405%, mean rank change 3.35317%
[2026-06-08 17:23:38.503] [info] Iteration 1, mean ranking error 2.29667%, mean rank change 0.579108%
[2026-06-08 17:23:40.342] [info] Iteration 2, mean ranking error 1.53841%, mean rank change 0.321636%
[2026-06-08 17:23:42.242] [info] Iteration 3, mean ranking error 1.13565%, mean rank change 0.224923%
[2026-06-08 17:23:44.109] [info] Iteration 4, mean ranking error 0.834707%, mean rank change 0.161144%
[2026-06-08 17:23:45.967] [info] Iteration 5, mean ranking error 0.622279%, mean rank change 0.116141%
[2026-06-08 17:23:47.807] [info] Iteration 6, mean ranking error 0.465121%, mean rank change 0.0823067%
[2026-06-08 17:23:49.575] [info] Iteration 7, mean ranking error 0.349209%, mean rank change 0.0556443%
[2026-06-08 17:23:51.374] [info] Iteration 8, mean ranking error 0.274809%, mean rank change 0.0404521%
[2026-06-08 17:23:53.217] [info] Iteration 9, mean ranking error 0.225782%, mean rank change 0.0316506%
[2026-06-08 17:23:55.044] [info] Iteration 10, mean ranking error 0.188072%, mean rank change 0.0244792%
[2026-06-08 17:23:56.912] [info] Iteration 11, mean ranking error 0.15914%, mean rank change 0.0195947%
[2026-06-08 17:23:58.695] [info] Iteration 12, mean ranking error 0.136063%, mean rank change 0.0157258%
[2026-06-08 17:24:00.508] [info] Iteration 13, mean ranking error 0.117931%, mean rank change 0.0129244%
[2026-06-08 17:24:02.315] [info] Iteration 14, mean ranking error 0.103734%, mean rank change 0.0109135%
[2026-06-08 17:24:04.132] [info] Iteration 15, mean ranking error 0.0918554%, mean rank change 0.00925906%
[2026-06-08 17:24:06.002] [info] Iteration 16, mean ranking error 0.0821023%, mean rank change 0.00806088%
[2026-06-08 17:24:07.846] [info] Iteration 17, mean ranking error 0.0739145%, mean rank change 0.00709253%
[2026-06-08 17:24:09.639] [info] Iteration 18, mean ranking error 0.0670328%, mean rank change 0.00634092%
[2026-06-08 17:24:11.463] [info] Iteration 19, mean ranking error 0.0609541%, mean rank change 0.00571053%
[2026-06-08 17:24:13.298] [info] Iteration 20, mean ranking error 0.0556984%, mean rank change 0.00517460%
[2026-06-08 17:24:15.082] [info] Iteration 21, mean ranking error 0.0511056%, mean rank change 0.00474243%
[2026-06-08 17:24:16.924] [info] Iteration 22, mean ranking error 0.0468281%, mean rank change 0.00433619%
[2026-06-08 17:24:18.724] [info] Iteration 23, mean ranking error 0.0430408%, mean rank change 0.00397232%
[2026-06-08 17:24:20.588] [info] Iteration 24, mean ranking error 0.0397079%, mean rank change 0.00365901%
[2026-06-08 17:24:22.465] [info] Iteration 25, mean ranking error 0.0366217%, mean rank change 0.00338161%
[2026-06-08 17:24:24.295] [info] Iteration 26, mean ranking error 0.0338601%, mean rank change 0.00312912%
[2026-06-08 17:24:26.081] [info] Iteration 27, mean ranking error 0.0314837%, mean rank change 0.00291256%
[2026-06-08 17:24:27.904] [info] Iteration 28, mean ranking error 0.0292225%, mean rank change 0.00271133%
[2026-06-08 17:24:29.704] [info] Iteration 29, mean ranking error 0.0272321%, mean rank change 0.00252529%
[2026-06-08 17:24:31.496] [info] Iteration 30, mean ranking error 0.0254384%, mean rank change 0.00235766%
[2026-06-08 17:24:33.326] [info] Iteration 31, mean ranking error 0.0237285%, mean rank change 0.00219195%
[2026-06-08 17:24:35.126] [info] Iteration 32, mean ranking error 0.0221586%, mean rank change 0.00203927%
[2026-06-08 17:24:36.953] [info] Iteration 33, mean ranking error 0.0206918%, mean rank change 0.00189036%
[2026-06-08 17:24:38.810] [info] Iteration 34, mean ranking error 0.0193336%, mean rank change 0.00174852%
[2026-06-08 17:24:40.621] [info] Iteration 35, mean ranking error 0.0181162%, mean rank change 0.00161562%
[2026-06-08 17:24:42.545] [info] Iteration 36, mean ranking error 0.0169184%, mean rank change 0.00148408%
[2026-06-08 17:24:44.389] [info] Iteration 37, mean ranking error 0.0158605%, mean rank change 0.00135745%
[2026-06-08 17:24:46.263] [info] Iteration 38, mean ranking error 0.0148447%, mean rank change 0.00123731%
[2026-06-08 17:24:48.056] [info] Iteration 39, mean ranking error 0.0138795%, mean rank change 0.00111845%
[2026-06-08 17:24:49.855] [info] Iteration 40, mean ranking error 0.0130648%, mean rank change 0.00102640%
[2026-06-08 17:24:51.990] [info] Iteration 41, mean ranking error 0.0123212%, mean rank change 0.000949272%
[2026-06-08 17:24:54.088] [info] Iteration 42, mean ranking error 0.0116225%, mean rank change 0.000880576%
[2026-06-08 17:24:55.843] [info] Iteration 43, mean ranking error 0.0110049%, mean rank change 0.000819410%
[2026-06-08 17:24:57.622] [info] Iteration 44, mean ranking error 0.0104191%, mean rank change 0.000760752%
[2026-06-08 17:24:59.398] [info] Iteration 45, mean ranking error 0.00984905%, mean rank change 0.000702801%
[2026-06-08 17:24:59.492] [info] Time used in prioritization: 1m24s
[2026-06-08 17:24:59.498] [info] Number of iterations: 46
[2026-06-08 17:24:59.509] [info] Final convergence level: 0.00984905%
[2026-06-08 17:24:59.518] [info] Area under curve: 0.753561
[2026-06-08 17:24:59.524] [info] Writing feature info
[2026-06-08 17:24:59.532] [info] Writing feature curves
[2026-06-08 17:25:00.389] [info] Writing priority rank map
[2026-06-08 17:25:00.924] [info] Total time used: 4m18s
[2026-06-08 17:25:00.928] [info] Number of errors: 0
[2026-06-08 17:25:00.933] [info] Number of warnings: 0
[2026-06-08 17:25:00.940] [info] Done
